native:no-storage:true:true
native:missing-root:true
native:store-restore:true:true:true:true:true:true
native:storage-basics-empty:true:true:true:true:true:true:true:true
native:storage-basics-small:true:true:true:true:true:true:true:true:true
native:storage-basics-large:true:true:true:true:true:true:true:true:true:true:true:true:true:true:true
native:storage-gc:true:true:true:true:true
native:conn:true:true:true:true:true
native:conn-tail:true:true:true:true:true:true:true:true:true:true:true:true:true:true
melange:no-storage:true:true
melange:missing-root:true
melange:store-restore:true:true:true:true:true:true
melange:storage-basics-empty:true:true:true:true:true:true:true:true
melange:storage-basics-small:true:true:true:true:true:true:true:true:true
melange:storage-basics-large:true:true:true:true:true:true:true:true:true:true:true:true:true:true:true
melange:storage-gc:true:true:true:true:true
melange:conn:true:true:true:true:true
melange:conn-tail:true:true:true:true:true:true:true:true:true:true:true:true:true:true
