native:find:true:true:true
native:collections:true:true:true:true:true:true:true
native:reduce:true:true:true
native:macros:true:true:true
native:squuid:true
melange:find:true:true:true
melange:collections:true:true:true:true:true:true:true
melange:reduce:true:true:true
melange:macros:true:true:true
melange:squuid:true
