# LG Compiler Bugs

# Record compiler defects encountered while compiling DataScript.
# DataScript source errors and expected static type errors are excluded.

## 2026-08-25 - Static satisfies? re-evaluates a pure identifier

- Status: Fixed
- Trigger: `(satisfies? ICache cache)` where `cache` has a nominal type that
  statically implements `ICache`.
- Symptom: The compiler emits the equivalent of `let cache = cache in true`;
  OCaml rejects the generated module with warning 26 (unused variable).
- Root cause: Static predicate lowering always preserved receiver evaluation,
  including for pure identifier expressions, and `if` branch narrowing then
  rebound the same nominal receiver even though no guarded witness was needed.
  After removing that redundant evaluation, static branch selection still
  recognized only the old sequence-shaped result and compiled unreachable
  branches for direct boolean results.
- Fix: Emit the constant boolean directly for identifiers, retain evaluation
  for expressions that may have effects, and skip guarded-protocol rebinding
  when the nominal receiver already implements the protocol. Static `if`
  selection now recognizes both direct booleans and effect-preserving
  sequences.
- Regression coverage: the DataScript LRU Native and Melange targets compile
  `(satisfies? ICache cache)` under warnings-as-errors, and a statically false
  protocol predicate skips an ill-typed unreachable branch.

## 2026-08-25 - Imported reify return type loses protocol identity

- Status: Fixed
- Trigger: `datascript.lru/cache` returns a value created by `(reify ICache ...)`
  and a separately compiled test calls `(satisfies? ICache cache)`.
- Symptom: The implementation is emitted as `Runtime_reify.t` with only the
  method payload type. At the module boundary the `ICache` protocol tag is
  lost, so `satisfies?` is incorrectly constant-folded to `false`, although
  direct `ICache/-get` dispatch works.
- Expected: Saved compiler state and emitted module signatures must preserve
  the closed list of protocols implemented by a reify value.
- Fix: Imported reify results retain a required protocol constraint. Branch
  narrowing now recognizes an existing non-guarded protocol constraint as
  sufficient evidence and does not emit a redundant receiver rebind. Guarded
  constraints still narrow through their witness.
- Regression coverage: the cross-chunk generic reify regression and exact
  `datascript.test.lru/test-cache` pass on Native and Melange under
  warnings-as-errors.

## 2026-08-24 - Macro-generated record loses sidecar field types

- Status: Fixed
- Trigger: `datascript.parser/Query` and `RuleVars` are declared with a
  `(signature ...)` immediately before a `deftrecord` macro expansion.
- Symptom: Accesses such as `(.-qin query)` and `(:required vars)` retain an
  inference variable instead of the declared vector/option field type. Valid
  `first`, `mapv`, `into`, and `concat` calls are then rejected as non-collection
  operations.
- Expected: A record signature must apply equally to a direct `defrecord` and a
  macro-expanded `defrecord`, and field projections must retain the declared
  closed static type.
- Current evidence: `lg/datascript/parser.cljc` around
  `static-query-value-bindings` (previously also `rule-vars-values` and static
  query constructor helpers).
- Root cause: The `defrecord` elaborator ignored `Signature_overlay` record
  fields even though the parallel `deftype` elaborator consumed them.
- Fix: Apply sidecar record field types before defrecord field inference for
  both direct and macro-expanded forms.
- Regression test: `macro-generated defrecord uses sidecar field types`
  compiles and runs on Native and compiles on Melange.

## 2026-08-24 - Rigid accumulator rejected inside reduced vector state

- Status: Open
- Trigger: `generic reduce-indexed signature keeps rigid accumulator`, where a
  reduce frame is `[accumulator int]` and its early-exit branch constructs
  `(reduced [res idx])`.
- Symptom: The compiler rejects the frame as a heterogeneous vector with
  element types `int | param/accumulator` after removing the public-name
  `reduced` compiler special case.
- Expected: The implementation must use a closed, statically typed frame (or
  preserve equivalent generic evidence) without dispatching on the public
  function name and without introducing `Runtime_dynamic`.
- Current evidence: `test/compiler_tests.ml`, test
  `generic reduce-indexed signature keeps rigid accumulator`.

## 2026-08-24 - Sidecar-typed macro record with protocol methods is not registered

- Status: Open
- Trigger: A sidecar `(signature .../FilteredDB {...})` is applied to
  DataScript's macro-generated `defrecord` plus its full protocol method set.
- Symptom: The same macro expansion registers `FilteredDB` without the sidecar,
  but with the sidecar a later `(FilteredDB. ...)` constructor is rejected as
  `unknown record type FilteredDB`.
- Expected: Applying closed sidecar field types must not prevent a
  macro-generated record with protocol methods from being registered.
- Current evidence: Reproduced while restoring `FilteredDB` view APIs in
  `lg/datascript/db.cljc`; removing the newly introduced redundant sidecar
  allows the original record definition to register. The upstream form itself
  does not require that sidecar, so DataScript compilation can continue while
  this compiler defect remains open.

## 2026-08-24 - Explicit constructor-name function cannot shadow record constructor

- Status: Fixed
- Trigger: `TxReport` has 11 physical fields, then DataScript explicitly
  defines an 8-argument `->TxReport` function that supplies the three internal
  fields.
- Symptom: A later `db/->TxReport` call is resolved as the generated record
  constructor and rejected with `db/TxReport. expects 11 arguments`.
- Expected: A source-level function binding named `->Record` must take
  precedence over the implicit record constructor at call sites after that
  binding is defined, including namespace-qualified calls.
- Current evidence: `lg/datascript/storage.cljc` in `db-with-tail-datoms`,
  reached by the Native and Melange `@datascript-transact` build.
- Root cause: Call elaboration normalized every `->Record` spelling to
  `Record.` before checking whether a source binding with the original name
  existed.
- Fix: Preserve `->Record` and namespace-qualified `ns/->Record` spellings when
  normal binding lookup succeeds; use the implicit constructor only when no
  explicit binding exists.
- Regression test: `explicit function shadows implicit record constructor`
  compiles and runs on Native and compiles on Melange.

## 2026-08-24 - Empty map cannot use concrete record-field context

- Status: Open
- Trigger: `db/with-schema` associates `{}` into `DB.schema-idents`, whose
  declared type is `map<int;keyword>`.
- Symptom: The compiler reports that `record<{ }>` cannot adapt to
  `Lg_runtime.Runtime_map.t<int,keyword>` instead of instantiating the empty
  map from the concrete field context.
- Expected: An empty persistent map used as a concrete record field or assoc
  value must adopt that field's key/value types without dynamic storage.
- Current evidence: `lg/datascript/db.cljc` reached through `reset-schema!` in
  the Native and Melange transaction build. Named typed empty-map constants
  allow DataScript compilation to proceed while preserving the closed types.

## 2026-08-24 - Concrete DB loses declared protocol evidence

- Status: Open
- Trigger: `with-schema` has a concrete `datascript.db/DB` parameter and its
  upstream precondition calls `db?`, which checks `ISearch`, `IIndexAccess`, and
  `IDB`; the `DB` record implements all three in its declaration.
- Symptom: Static checking reports `missing protocol implementation for
  datascript.db/ISearch on datascript.db/DB`.
- Expected: Protocol implementations declared on a record must remain attached
  to its named type in later concrete function signatures and `satisfies?`
  checks.
- Current evidence: `lg/datascript/db.cljc`, `with-schema`, during the Native
  and Melange transaction build. The redundant runtime `db?` precondition can
  be omitted because the rigid function signature already requires `DB`.

## 2026-08-24 - Nested update loses namespaced record-field map key type

- Status: Open
- Trigger: `TxReport.reverse-tempids` is a
  `map<int;set<Data_value.t>>`, updated as
  `(update report ::reverse-tempids update eid util/conjs entity-ref)`.
- Symptom: Generated OCaml expects the integer `eid` update argument to be a
  `Data_value.t` (`__lg_update_arg_1`), indicating that nested update lost or
  swapped the concrete map key evidence from the namespaced record field.
- Expected: Nested `update` must preserve the selected field's key/value types
  independently of the other heterogeneous map fields in the same record.
- Current evidence: `lg/datascript/db.cljc`, `allocate-eid`, during final OCaml
  checking of the transaction build. A small typed map updater preserves the
  same algorithm and lets compilation continue without dynamic values.

## 2026-08-24 - Deferred nil parameter emits wildcard in holder type

- Status: Fixed
- Trigger: A `declare+` function is implemented later with an argument that is
  constrained to static `nil`, and the compiler stores the delayed
  implementation in a generated record field.
- Symptom: The generated holder field contains `_ option` and OCaml rejects the
  type declaration with `A type wildcard _ is not allowed in this type
  declaration`.
- Expected: Static `nil` in a generated type declaration must use a valid closed
  OCaml representation; it must not leave a wildcard in a record field type.
- Current evidence: `datascript.db/pr-db` is declared before `DB` and
  `FilteredDB`, then implemented with its `opts` argument constrained by
  `pr-writer` and `pr-sequential-writer`. Both Native and Melange transaction
  builds fail in the `extend-type DB` chunk.
- Fix: Deferred holder quantification now includes the polymorphic payload used
  by `nil`, so generated record fields use `'a option` under an explicit
  locally quantified `'a` instead of `_ option`.
- Regression: `forward declared nil parameter has valid holder type` passes on
  Native and compiles on Melange.

## 2026-08-24 - Cross-chunk sidecar ref signature loses type dependencies

- Status: Fixed
- Trigger: A top-level value has the concrete type
  `ref<map<int;fn<DB;Data_value.t;vector<tx-entry>>>>`, where `DB` and
  `tx-entry` are declared in the same namespace.
- Symptom: When the signature lives in `db.lgi`, dependency stabilization of
  the following `db.cljc` does not see its nested `DB` and `tx-entry`
  dependencies. The signed value can therefore be checked before those local
  types and OCaml rejects them as unbound type constructors.
- Expected: Sidecar value signatures must contribute all nested nominal type
  dependencies when ordering definitions in a later compilation chunk.
- Current evidence: DataScript's statically typed installed-transaction-function
  registry in `lg/datascript/db.cljc`. The callback registry requires no dynamic
  values and both referenced types are declared before the value binding.
- Fix: Signature overlays now retain their raw nominal type dependencies, and
  incremental chunk compilation supplies those dependencies to the current
  chunk's stable dependency order.
- Regressions: `dependency graph orders external signature type dependencies`
  covers the cross-chunk ordering path. The DataScript transaction suite passes
  on Native and Melange with the registry signature in `lg/datascript/db.lgi`.

## 2026-08-24 - Inline ref annotation qualifies same-namespace variant

- Status: Open
- Trigger: The same nested registry type is written as an inline annotation on
  a top-level `def` instead of as a sidecar signature.
- Symptom: Annotation emission names the same-namespace closed variant
  `datascript_db_tx_entry`, while the emitted OCaml type is `tx_entry`.
- Expected: An inline annotation must resolve same-namespace record and variant
  names to the declarations used by the generated OCaml structure.
- Current evidence: Nested inline annotations are ordered correctly after the
  dependency tokenization fix, but the emitted nominal name still differs.
- Regression: `dependency graph orders inline def type hint dependencies`
  covers the fixed ordering layer; a type-name resolution regression remains
  to be added with the eventual fix.

## 2026-08-25 - Saved-state workspace ordering runs before package restoration

- Status: Fixed
- Trigger: `--compile-files-from-state` is invoked outside the LG source tree
  with multiple inputs whose interface or implementation references an OCaml
  module supplied by a package recorded in the saved compiler state.
- Symptom: Workspace dependency analysis runs against the deserialized state
  before restoring its OCaml package include paths and reports `Unbound module
  Lg_runtime`.
- Expected: Saved and newly discovered packages must be restored before any
  source preparation or dependency ordering that can invoke OCaml checking.
- Current evidence: The installed DataScript connection build failed while
  ordering persistent-sorted-set's sidecar and implementation, even after a
  forced stdlib rebuild and install.
- Fix: Removed the premature raw-path ordering pass. Inputs are prepared first,
  saved and source package requirements are combined, the OCaml environment is
  restored, and the existing prepared-source ordering pass runs exactly once.
- Regression: `cli_state_cache_test.sh` changes to an external temporary
  directory before compiling a sidecar and implementation that use
  `Lg_runtime`, reproducing the installed-package boundary.

## 2026-08-25 - State-producing CLI output repeats the saved OCaml prefix

- Status: Fixed
- Trigger: `--compile-files-from-state` resumes a saved stdlib or library state
  and writes both a successor state and an `.ml` output chunk.
- Symptom: The command writes `saved.ocaml_source ^ current_chunk` to the output
  file. Build rules already concatenate stdlib, runtime, and test chunks, so
  every stage repeats all preceding OCaml code. DataScript consequently emits
  duplicate types such as `trampoline_step` and inflates generated and
  preprocessed files.
- Expected: The output file contains only the current input chunk. The successor
  state may retain the cumulative source required by prefix-including CLI modes.
- Fix: Write the current compilation result before constructing the cumulative
  source stored in the successor state.
- Regression: `cli_state_cache_test.sh` rejects stdlib declarations in the first
  resumed output and rejects the base module in the next resumed output.

## 2026-08-25 - Forward declarations shadow implicit record constructors

- Status: Fixed
- Trigger: `declare` names `->Record` before a function uses that constructor,
  while the record type is defined later in the same source unit.
- Symptom: Constructor call elaboration treats the unresolved declaration as an
  implemented function and emits a call to a deferred value whose implementation
  is never installed.
- Expected: Only a concrete user definition may shadow an implicit record
  constructor; a declaration must continue to resolve to the constructor.
- Fix: Explicit constructor shadowing now excludes forward declarations and the
  unresolved declaration placeholder.
- Regressions: Forward-constructed deftypes, declared record dependencies, and
  heterogeneous nominal branch diagnostics pass on Native and Melange.

## 2026-08-25 - Uppercase source function is mistaken for a host constructor

- Status: Fixed
- Trigger: A normal source function has an uppercase member name, such as
  `cljs.math/IEEE-remainder`.
- Symptom: Call elaboration emits tupled constructor application instead of a
  curried function call.
- Expected: A resolved lowercase OCaml value binding remains a function even if
  its Clojure source member begins with an uppercase letter. Registered and
  opaque constructors retain constructor application.
- Fix: Constructor dispatch now considers the resolved emitted binding name.
- Regressions: Native and Melange lazy-transducer stdlib applications pass, as
  do module, functor, recursive variant, opaque-constructor, and language-server
  constructor tests.

## 2026-08-25 - Reduced heterogeneous accumulator vector loses tuple context

- Status: Fixed
- Trigger: A reducer with a destructured fixed tuple accumulator returns
  `(reduced [value index])` where the tuple elements have different types.
- Symptom: The vector literal is checked without its accumulator context and is
  rejected as an unsupported heterogeneous vector.
- Expected: Fixed accumulator shapes remain tuples through both continuing and
  reduced reducer branches, including rigid generic accumulator elements.
- Fix: The source `reduced` function expands to a private typed primitive that
  preserves heterogeneous vector literals as tuples and keeps homogeneous
  vectors as vectors.
- Regressions: Fixed destructured reducers and the generic `reduce-indexed`
  signature pass without `Runtime_dynamic` on Native and Melange.
FIXED: Restoring a saved compiler state could intermittently lose package include directories after OCaml lookup had already initialized. Ocaml_value.init added later directories only to Load_path, while a subsequent Compmisc.init_path rebuilt Load_path from stale Clflags.include_dirs, producing false "Unbound module Lg_runtime" failures. Keep Clflags.include_dirs synchronized without reinitializing an already-active target environment.
FIXED: Direct pr-str on a non-nullable deftype with a custom IPrintWithWriter implementation passed Runtime_dynamic.unit to the statically nil printer-options slot. Honor the source protocol contract and pass None.

FIXED: Protocol method receiver inference lost the nominal DB type in
clojure.data/Diff.diff-similar. When structural field evidence is ambiguous,
protocol implementations now prefer the compatible receiver record for an
unannotated peer parameter. This preserves its concrete field types instead of
packing a bare btset as a seqable capability tuple.

FIXED: Local callback receiver inference conflated Datom with SearchPattern in
the check-value-tempids reducer. Named-record candidates inferred inside a
protocol constraint must now satisfy that protocol, so the datom-added witness
selects Datom rather than a field-compatible SearchPattern.

FIXED: The source-owned `keyword` primitive rejected statically invalid input
types during compilation, so source `try`/`catch` could not observe the required
runtime invalid-argument exception. Preserve static result typing while emitting
an evaluated runtime failure for known non-keyword, non-string, and non-symbol
arguments on both Native and Melange.

FIXED: Equality did not use a closed operand as contextual type evidence for a
scalar operand. Comparing the parser's closed Data_value domain with a symbol
literal therefore emitted an invalid bare string-versus-variant OCaml equality.
Each adjacent equality pair now injects the scalar through the unique declared
closed-sum constructor, symmetrically and without dynamic boxing; ambiguous
constructors are rejected by the LG type checker. Nullable closed-sum operands
provide the same payload context, so comparisons such as `(second forms)` with
a scalar literal inject into the inner sum before static option equality.

FIXED: The `symbol?` primitive bypassed the closed-sum predicate dispatcher,
so a declared Data_value Symbol constructor was folded to false. Its guarded
symbol-value narrowing also lacked the corresponding constructor projection.
Route symbol predicates through the closed-sum match when available, retain the
generic static predicate fallback otherwise, and project the symbol payload in
guarded branches on both Native and Melange.

FIXED: Melange OCaml interface lookup could load a Native package CMI when both
target-specific and installed package directories exported the same module.
Two alphabetical deduplication steps discarded explicit include precedence, so
an installed Native directory could precede the local Melange object directory.
Preserve declaration order and prioritize Melange-specific directories so the
target CMI remains authoritative; the cold DataScript parser Native/Melange
build covers the mixed-CMI failure.

FIXED: Native `.-field` access could lose an explicit `ref` field type on a
nominal `defrecord`. DataScript `@(.-hash db)` is inferred as dereferencing an
`int`, while the declared DB field is `^:ref<int> hash` and keyword access
preserves that type. Field access now returns the declared field value unchanged;
explicit source dereference remains explicit, with nested field inference
preserving the reference type on Native and Melange.

NOT A COMPILER BUG: DataScript's persistent sorted set does not implement
`IHash`; `ITransientSet` does not define immutable hash semantics and cannot be
used as a substitute across a compiled package boundary. The typed DataScript
port calls `hash-unordered-coll` explicitly for this set, preserving upstream
behavior without dynamic dispatch.

FIXED: Equality over `option<Datom>` used OCaml structural equality instead of
the registered Datom `IEquiv` implementation. Upstream DataScript's
`equiv-db-index` therefore failed `test-diff` when written as
`(= (first xs) (first ys))`. The `Datom` payload in the earlier `db.lgi`
signature remained an unresolved named-record placeholder when optional static
dispatch was selected. In addition, methods were emitted in one monolithic
`deftype-methods` form, and the split form's dependency scan treated a method
binder such as `-equiv` as a referenced value. Datom's `IEquiv` implementation
therefore depended on every later `-equiv` implementation and moved after
`equiv-db-index`. Optional equality now resolves named-record applications before
selecting the implementation. Deftype methods are emitted as one dependency unit
per protocol, and their dependency scan excludes method binders while retaining
the type, protocol, and method-body dependencies.

FIXED: `get` with a `nil` default on a generic nominal `ILookup` receiver
invoked the three-argument method and unified the receiver's value parameter
with `option<value>`. Code that read a cached value and associated it back into
the same generic receiver then failed OCaml typechecking with the recursive
constraint `'a = 'a option`. A `nil` default has the same lookup semantics as
the two-argument nullable arity, so both `get` on a nominal receiver and direct
core `ILookup/-lookup` calls now invoke that arity and preserve the receiver's
rigid value parameter.

FIXED: Sequential destructuring of `option<tuple<A,B>>`, such as upstream
DataScript LRU's `[generation key] (first generation-map)`, no longer lifts
non-nullable bindings to `option<A>` and `option<B>`. The emitted code matches
the outer option and either uses a declared nil-value adapter or raises an
explicit checked-boundary error when the tuple is absent. Present payloads keep
their exact element types, including rigid generic keys, without dynamic casts.
Native and Melange regressions cover a generic tuple returned by `first`.

FIXED: A generic `reify` protocol method whose result is the return type of a
zero-argument callback now retains that relationship across compiler chunks.
Local-call inference resolves local function parameters before global vars and
uses one fresh result metavariable instead of unrelated `any` placeholders.
The reify payload therefore preserves the same static variable for the
callback result and method result. Upstream DataScript LRU's `ICache/-get`
remains fully static on Native and Melange; no dynamic reify table is used.

FIXED: Upstream DataScript's `filter` accepts either `DB` or `FilteredDB`, tests
that receiver with `instance?`, and gives the true branch an explicit
`^FilteredDB` local hint. Compiler inference and elaboration now narrow both
the matching record payload and the unique complementary payload of a closed
sum, including values wrapped in static protocol constraints and inline
predicate expansion. The original `DB | FilteredDB` branch order and repeated
filter composition are restored. Its higher-order boundary is declared in the
sidecar as `(DB, Datom) -> bool`, matching upstream's unfiltered callback
receiver. Native and Melange core tests pass without dynamic conversion.

FIXED: Sidecars could express only a bare `Runtime_reify.t` method payload, so
concretizing a mutable generic cache either lost its implemented protocol or
left OCaml weak type variables. The closed source type
`reify<qualified-protocol;methods>` now retains the protocol identifier and
method type in compiler state while emitting the existing nested static tuple
payload. DataScript query caches can therefore fix key/value types without a
nominal compatibility wrapper.

OPEN: Upstream parser helpers use a successful predicate parser as a type
refinement, for example `(when (parse-plain-symbol form) (Variable. form))`.
LG retains `form` as the full closed `Data_value.t`, even though the successful
parser result proves its `Symbol` constructor, and rejects the `symbol` record
field. Preserving this source shape requires a statically declared predicate
refinement contract or equivalent option-payload narrowing; it must not add a
general closed-sum-to-payload coercion.

NOT A COMPILER BUG: An unannotated parser function that only passes its input
to a generic `optional-seqable` function does not contain enough local evidence
to infer that the original storage is the closed Data_value domain. If the same
input is later included as `:form` in `ex-info`, accepting it as arbitrary
seqable exception data would require an implicit open boundary. Declare the
Data_value input at the parser API boundary; the upstream `parse-where` body can
then remain exact while the existing optional-seqable adapter supplies static
iteration on Native and Melange.

FIXED: `sequential?` on an `option<T>` returned by safe sequence navigation did
not inspect `T`'s registered optional-sequential adapter. The fallback tested
only whether the outer option type statically implemented `ISequential`, so a
present Data_value vector from `(first forms)` was folded to false. Predicate
dispatch now matches the option once, returns false for `None`, and applies the
closed payload adapter for `Some` on Native and Melange. This preserves the
upstream parser's nested sequential checks without unsafe option extraction.

FIXED: A local `let` binding whose `or` branches returned several named record
types was rejected before a later constructor use could provide a closed sum.
LG now considers declared closed sums containing every optional branch payload
and selects a unique smallest domain, adapting each present branch without
dynamic storage. Equally small candidates remain an intentional ambiguity and
require an explicit typed boundary; the negative regression verifies that LG
does not guess between unrelated closed domains.

FIXED: Upstream `parse-rule-vars` constructs tuple fields from different
optional-seqable storage representations: `(next form)` is a lazy sequence,
the alternative `form` is a DataValue-backed vector, and the first field may be
literal nil. Tuple branch merging previously unified only their static labels
while leaving incompatible OCaml storage in the emitted branches. It also
turned a missing optional sequence into a present empty sequence when packing a
capability witness. Tuple branches now normalize optional sequence values to
`option<seq<T>>`, preserve empty `next` and literal nil as `None`, and forward
the absence of an optional storage value into the witness. The exact upstream
`parse-rule-vars` control flow and its `RuleVars.free` optional domain now pass
the Native and Melange parser rules/where suites without dynamic storage.

FIXED: Sequential destructuring of a runtime homogeneous vector used unchecked
`List.nth`/`Rrbvec.nth` for statically typed elements, so a missing fixed item
raised an index exception instead of receiving Clojure nil. Closed external
domains such as DataScript values cannot represent that absence as `option<T>`
because nil is already a constructor of `T`. A validated `nil-value-adapter`
now declares the exact `() -> T` boundary factory. Destructuring uses `nth_opt`
and maps only the missing case through that factory, preserving the closed type
and generated static code on Native and Melange. When a `first` result crosses
an explicit `option<T> -> T` call boundary, optional unwrapping uses the same
adapter for `None` instead of emitting `Option.get`; `if-some` still retains the
option needed to distinguish an empty collection. DataScript registers its
`Data_value.Nil`; the empty pattern parser regression now raises the intended
upstream parser error rather than leaking an index exception.

FIXED: A function with a declared `vector<T>` return type could not return a
statically typed sequence such as `(next values)`, even though the sequence
element type matched exactly. The argument adaptation planner now represents
this conversion explicitly and emits an element-preserving materialization
through `Rrbvec.of_list`. This also handles LG's internal non-empty/reversible
sequence representations and remains fully static on Native and Melange.

FIXED: Conditional tuple branches merged element types but previously emitted
the original tuple payloads unchanged. A lazy sequence payload could therefore
be labeled as the merged sequence type while the other branch still stored an
RRB vector, producing invalid OCaml in upstream `take-source`. Branch adaptation
now recursively adapts every tuple element after choosing the merged closed
type, preserving evaluation order and the concrete representation on both
Native and Melange.

NOT A COMPILER BUG: An unqualified closed-sum constructor used from a namespace
that only requires the provider under an alias is not imported into local
scope. The old opaque-constructor fallback made the pattern appear to resolve
but necessarily bound its payload as `any`. Qualifying the constructor through
the declared alias preserves the named-record payload across compiler chunks;
the typed DataScript clause wrappers now use that explicit namespace boundary.

FIXED: `instance?` with a named record target now accepts a closed sum that
contains that record as a constructor payload. The compiler emits a static
constructor match for the finite sum, returning false for all other
constructors, without runtime class dispatch or dynamic conversion. This keeps
upstream DataScript parser predicates such as `aggregate?` and `pull?` intact.
For unannotated predicate parameters, inference selects the unique smallest
closed sum containing the target record; direct-record inference remains the
fallback when there is no unique sum. The regression covers both matching and
non-matching payloads, without a declared function signature, on Native and
Melange and rejects generated `Runtime_dynamic` references.

NOT A COMPILER BUG: Compiling the complete DataScript dependency chunk for the final
`datascript-filter` test rejects upstream `check-schema-update` in `db.cljc`.
The diagnostic reports that an `option<Datascript_runtime.Data_value.t>` is
being packed across a dynamic boundary (LG2000) while checking the nested
`when` forms containing keyword map lookups. A focused local closed-sum
truthiness example does not reproduce the failure, so the trigger includes
cross-file external `Data_value.t` state. The compile manifest loaded
`annotations.lgi` after `schema.cljc`, so calls observed the implementation's
inferred open-record parameter instead of its declared closed map signature.
Loading the annotation sidecar before the implementation fixes both Native and
Melange without changing compiler semantics.

FIXED: Static `hash` supported built-in sets and maps but rejected an external
set implementation represented by a named record, even when that type
implemented both `ITransientSet` and `Seqable`. LG now recognizes that closed
protocol evidence and emits the same unordered element hash used for built-in
sets. This lets upstream DataScript keep `(hash (.-eavt db))` for the
persistent sorted set and makes DB and FilteredDB hashes agree on Native and
Melange without dynamic dispatch.

FIXED: A parser helper whose successful result structurally proves a parameter
predicate, such as `(when (symbol? form) ...)`, previously lost that proof at
the function boundary. A later parser could test the helper successfully but
still see the original closed-sum parameter instead of `symbol` in its true
branch. LG now records this verified success refinement in compiler state,
resolves it across namespaces and compilation chunks, and narrows both type
inference and emitted branch code. The regression covers the upstream parser
shape on Native and Melange without `Runtime_dynamic`.

FIXED: Adding a field to the marshalled compiler environment changed the state
payload layout while compiler artifacts still advertised format version 10.
A newly installed compiler could therefore accept an older stdlib state and
misread its environment, surfacing unrelated missing-signature errors such as
an unknown `nil-value-adapter` function. Compiler state artifacts now use
version 11, so stale layout-incompatible states are rejected and regenerated;
the CLI state-cache regression verifies version 10 rejection and version 11
size validation.

OPEN: Source `defrecord` values do not implement Clojure's `IMeta` and
`IWithMeta` protocols. The upstream DataScript `deftrecord` macro preserves
record metadata during `postwalk`, but compiling its exact body currently
fails on `(meta this)` for a statically known record. Supporting hidden record
metadata without changing equality, hashing, visible fields, or constructor
arity is required to retain this upstream behavior on Native and Melange.

OPEN: Macro-generated parser protocol methods can call a later function whose
declared argument is a later closed sum, but dependency ordering does not make
that sum available while compiling the earlier record. In the upstream
`deftrecord` traversal method, a symbol field passed to `collect` therefore
cannot be injected into the later `traversable` sum even though it has a unique
`TraversalSymbol` constructor. The closed type declaration or equivalent
proof must be available before compiling the generated method.

FIXED: Recursive closed-sum payload injection treated a nested collection as
directly host-assignable before adapting its elements. For a sum containing
`VectorValue : vector<value>`, this relabeled `vector<symbol>` as
`vector<value>` and emitted an invalid constructor payload. LG now recursively
injects vector elements before falling back to host-boundary assignability, so
heterogeneous `concat` inputs produce the required outer and inner closed-sum
constructors on Native and Melange. When multiple closed sums could contain
the heterogeneous inputs, `concat` now honors its declared result element type
instead of selecting an unrelated globally visible sum.

FIXED: `number?` on an optional numeric value was compiled as the constant
false, and its successful branch did not unwrap the payload for later `and`
operands. Runtime type predicates now preserve option semantics, while
successful numeric guards expose the statically known payload to subsequent
expressions. Native and Melange regressions cover the upstream pull-parser
limit check shape.

FIXED: Passing an optional static payload to a closed-sum parameter with a
registered nil-value adapter previously tried to adapt only the payload and
lost the `None` case. LG now emits a closed match: `None` uses the declared nil
value and `Some payload` performs normal contextual constructor injection.
This keeps nullable Clojure values closed and static without dynamic boxing.

FIXED: `fn?` treated a closed sum containing a statically typed function as a
non-function and did not refine either control-flow branch. LG now emits a
constructor match for the predicate, extracts the function payload in the true
branch, and extracts a unique non-function payload in the false branch. Native
and Melange regressions verify direct invocation after a successful guard and
symbol use in a later `or` operand without `Runtime_dynamic`.

FIXED: Scalar predicates such as `keyword?` narrowed only their true branch.
For a closed sum such as `keyword | string`, the false branch therefore kept
the entire sum and could not call a string-only function. LG now extracts a
unique remaining payload for false keyword, string, symbol, and int guards and
also supports string extraction in true branches. The regression covers both
Native and Melange without dynamic conversion.

FIXED: Contextual closed-sum injection only considered the enclosing source
sum as one value. Converting `keyword | string` into another declared closed
sum therefore reported every target constructor as ambiguous. LG now performs
a total constructor match and recursively injects each source payload into the
target sum. The conversion stays static and preserves source constructor order
on Native and Melange.

FIXED: A record type referenced by a sidecar record field before the source
`defrecord` was compiled remained a structural placeholder across compiler
chunks. This produced two incompatible identities for the same record when a
later vector update combined the declared field element with the implemented
record. Defrecord elaboration now resolves every sidecar field type against
the current canonical record registry before fixing the record layout. The
cross-chunk Native and Melange regression also verifies no dynamic fallback.

FIXED: `number?` treated a closed sum containing an integer or float payload as
non-numeric, so a later numeric operation still received the whole sum. LG now
dispatches the predicate by constructor and exposes a unique numeric payload in
the successful branch. Native and Melange regressions cover the closed-sum
guard without dynamic conversion.

FIXED: Host-boundary assignability accepted a scalar value as the payload of a
closed-sum constructor whose declared payload was a runtime map. That bypassed
recursive constructor selection and could choose an invalid target
constructor. Runtime maps are now directly assignable only from compatible map
shapes; scalar payloads continue through normal closed-sum adaptation.

FIXED: Tail-position `if` compilation inside `loop` merged an unreachable `nil`
branch even when the condition was a statically truthy literal. Macro-expanded
`cond+` consequently inferred `option<result>` for its final `:else` clause and
could not satisfy the loop's declared result type. Type inference and loop-tail
elaboration now select the reachable literal branch. The focused Native and
Melange regression reproduces the `loop`/`recur` shape, and the pinned upstream
DataScript pull parser compiles successfully.

FIXED: A cross-namespace type alias whose source name had the same final
segment as its target generated a self-looking OCaml manifest and recursively
expanded forever during named-record inference. Alias expansion now stops when
the resolved manifest is the current alias type. The regression verifies that
the cross-chunk sidecar shape terminates on Native and Melange.

FIXED: Contextual closed-sum injection reported an ambiguity when one
constructor payload exactly matched the argument and another accepted it only
through a nested contextual adapter. Exact payload matches now take precedence,
which keeps DataScript pull scalar, entity, and many results deterministic.

FIXED: `conj!` and `assoc!` did not apply contextual closed-sum conversion to
typed transient collection elements. Transient vectors now inject their
declared element sum, and transient maps use the normal argument adaptation
plan, including optional payload nil adapters. Native and Melange regressions
cover both paths without dynamic storage.

FIXED: A protocol implementation body was compiled without its declared return
context even when that return contained a closed sum. LG now enables return
context only for protocol methods whose declared return recursively contains a
registered closed sum, avoiding the broader open-context behavior that changes
ordinary collection inference.

FIXED: Closed-sum constructors declared in a sidecar before their record payload
definitions retained forward `__lg_record` placeholders. Contextual injection
and constructor lookup now resolve those payloads through the canonical record
registry before comparing them. The cross-chunk regression covers both Native
and Melange.

FIXED: A typed forward declaration for a record constructor was excluded from
explicit constructor binding lookup and rewritten as an unqualified direct
OCaml constructor. Typed forward declarations now remain valid explicit
constructor bindings; only the internal untyped declaration marker is excluded.

FIXED: Negated record instance predicates did not narrow either branch of a
closed sum. LG now extracts the excluded record in the false branch and removes
it in the true branch when the remainder has a unique payload, preserving
static record access on Native and Melange.

FIXED: Calling a protocol method on a closed sum was rejected unless every
constructor payload implemented that method. Clojure records may implement
only part of a protocol, and missing methods fail only when dispatched. LG now
emits one exhaustive static constructor match: implemented payloads call their
typed implementation and missing payloads raise the protocol error at runtime.
Arguments are bound once before dispatch, and no dynamic representation is
introduced. This restores the upstream DataScript frame protocol semantics.

OPEN: During repeated loop-body stabilization across compiler chunks, a later
branch that consumes one record payload can occasionally constrain an earlier
binding of the enclosing closed sum to that payload. The pinned pull loop needs
explicit `frame` hints on `last` and `penultimate` until branch-local evidence
is prevented from flowing backward through the generic sequence helpers. A
same-chunk loop regression does not reproduce the identity-sensitive trigger.

OPEN: Collection metadata is stored as `Lg_edn_backend.t`, so an upstream
metadata map containing typed protocol callbacks such as `clojure.core.protocols/nav`
or `datafy` is rejected as non-EDN. Restoring pinned DataScript `datafy.cljc`
requires a closed, statically typed metadata representation for these callback
slots without widening collection metadata or source values to
`Runtime_dynamic.t`.

FIXED: Adjacent mutually recursive `defrecord` declarations emitted an OCaml
recursive type group but elaborated the first record before the later record
identity existed. Its field therefore retained an invalid `__lg_record:`
placeholder, and completing the later record refreshed only bindings still
marked forward-declared. LG now predeclares every record identity in an
adjacent `defrecord` group and refreshes all bindings by that precise identity
when each layout is completed. Native and Melange regressions access fields in
both directions and reject placeholder or dynamic output.

FIXED: A record declared in an interface with `type-record` was rejected as a
duplicate when the implementation later supplied the matching `defrecord`.
LG now preserves an existing declared record while elaborating the
implementation, verifies that its fields match, and emits only the protocol
implementation instead of a second OCaml type declaration. This lets a
sidecar define record payloads before a closed sum without forward placeholders;
the cross-chunk regression typechecks both Native and Melange output.

FIXED: `number?` refinement rejected a closed sum containing both `int` and
`float` payloads because the guarded value could not be collapsed to one OCaml
primitive type. LG now leaves that mixed sum intact and compiles `zero?`,
`pos?`, and `neg?` as an exhaustive static constructor dispatch with the
correct zero literal for each numeric payload. Native and Melange regressions
cover positive and negative integer, float, and non-numeric branches without
dynamic conversion.

FIXED: An `if` condition inherited the enclosing expression's expected return
type. When the return was an optional closed sum, a boolean condition was
incorrectly injected into that sum. Conditions now typecheck without the
result context (logical boolean forms retain their explicit boolean context),
while only the two result branches receive the expected type.

FIXED: Record `assoc` accepted a plain value for an optional field during LG
typechecking but emitted the plain OCaml value instead of `Some value`.
Contextual field adaptation now performs the static option injection before
record replacement. A Native, Melange, and js_of_ocaml regression updates an
`option<bool>` field from a plain boolean.

FIXED: Loop initializer expressions inherited the enclosing function return
context, so a frame stack inside a function returning `option<pulled_value>`
was inferred as that unrelated return type. Loop initializers and recursive
parameter inference now derive their types only from the initializer and
`recur` arguments; the enclosing expected type still applies to the loop's
final result. Native and Melange regressions cover a closed frame stack with a
different optional closed-sum return type.

FIXED: The loop recur prepass classified every unmatched vector, list, map,
and core-symbol form as `Runtime_decimal.t`. An empty vector accumulator could
therefore become a heterogeneous `decimal | symbol` vector after `conj`. The
prepass now represents vector and list literals as their actual collection
shapes and reserves the decimal type for decimal literals. Native and Melange
regressions accumulate record symbol fields into an initially empty vector.

FIXED: `name` compiled a closed sum of keyword and string payloads as an
unconditional `invalid_arg`, even though every constructor had a statically
supported identifier representation. LG now emits an exhaustive constructor
match and applies the existing static keyword, string, or symbol coercion to
each payload. Native and Melange regressions cover direct `name` calls on the
closed sum without dynamic conversion or an unreachable fallback.

FIXED: `nil?` always returned false for a closed sum whose nil value was
declared through `nil-value-adapter`. When that declaration has one nullary
constructor, LG now treats that constructor as the closed domain's nil value
and emits a static match. Native and Melange regressions cover nil, numeric,
and non-nil payloads without dynamic equality or function comparison.

FIXED: `satisfies?` reduced an optional closed sum to a constant protocol
result for the whole sum, so `map?` returned false even for a constructor whose
payload was a statically typed map. LG now unwraps the option and dispatches
over every closed-sum constructor, testing protocol support on each precise
payload type. Native and Melange regressions cover map and non-map payloads as
well as the absent option without dynamic protocol dispatch.

FIXED: A successful protocol predicate guard replaced a closed tagged value
with the adapter's normalized payload. In particular, `sequential?` converted
a list constructor into a vector and later contextual injection rebuilt the
wrong constructor, changing parser error text and observable data shape. LG
now retains the original closed-sum value inside a guarded branch; registered
adapters still provide safe collection operations after the runtime guard.
Native and Melange regressions preserve distinct list and vector constructors.

FIXED: Contextual injection of a collection literal was ambiguous when a
closed sum contained both a direct collection constructor and a broader nested
closed-domain constructor. A pull vector could therefore match both
`Pull_form.Vector` and `Pull_form.Data`. After exact payload matches, LG now
prefers candidates with the same vector, list, sequence, set, array, or map
shape as the source before considering deeper wrappers. Native and Melange
regressions verify that a vector remains the direct pull-form vector.

FIXED: Call argument adaptation compared vector element types only through
ordinary host assignability, so `vector<int>` could not satisfy a declared
`vector<entity_ref>` even when `int -> EntityId` was the unique contextual
closed-sum injection. LG now maps vector arguments through that static element
injection before falling back to the general adaptation planner. Native and
Melange regressions cover public API vectors of entity IDs without dynamic
storage.

FIXED: A vector literal whose expected type was a recursive closed sum lost
that context before compiling its elements. Nested pull forms such as a vector
containing keywords and a transform function were therefore rejected as an
untyped heterogeneous vector, despite the closed sum defining exact keyword,
function, and vector constructors. LG now derives a unique vector payload from
the expected closed sum and propagates its element type recursively. Native
and Melange regressions cover nested vectors and maps, including contextual
injection of non-scalar map keys and values, without dynamic storage.

FIXED: Contextual closed-sum injection recognized recursively compatible
collection payloads but emitted only the outer constructor. A quoted pull form
could therefore generate `Pull_form.List` around `list<EDN>` instead of mapping
the elements to `list<Pull_form>`, producing invalid OCaml. Collection payload
injection now recursively maps vectors, lists, and maps through their precise
closed constructors. The regression covers quoted nested pull syntax on both
Native and Melange.

FIXED: Adapting Clojure `next` to `option<seq<T>>` treated its special
nonempty-sequence result as an ordinary sequence and unconditionally emitted
`Some sequence`. Exhausted lazy sequences therefore became `Some empty-seq`,
causing upstream loops that terminate on nil to recur forever. Branch
adaptation now checks the sequence and emits `None` when it is empty. Native
and Melange regressions cover nil, one-element, and two-element inputs.

FIXED: Truthiness for `option<seq<T>>` recursively tested whether a present
sequence payload was empty. That made `Some empty-seq` false, although Clojure
treats every non-nil collection, including an empty one, as truthy. Upstream
`or` expressions could consequently choose a fallback and consume pull cursors
twice. Optional sequence presence is now truthy; bare `next` sequences still
use emptiness to represent nil. Native and Melange regressions cover direct
conditions and `or` selection.

FIXED: Source-call literal context propagation applied an unconstrained
`vector<T>` parameter to vector arguments. The unknown parameter element then
replaced the concrete literal element type, so downstream printing rendered
ordinary integers as `<value>`. Literal context is now propagated only when
the expected collection recursively contains a closed sum that requires
constructor injection. The existing subvec regression and the nested closed
pull-form regression cover both sides of the boundary.

FIXED: Direct adaptation from a value to `option<T>` treated capability-bearing
constraint payloads as ordinary assignable values. A nil-guarded polymorphic
comparison therefore emitted `Some value` where `Some (nil_predicate, value)`
was required. Direct option wrapping is now limited to concrete payload types;
constraint payloads continue through their normal capability adapter. The
nil-guarded polymorphic compare regression passes without dynamic storage.

FIXED: A sidecar signature for a forward-declared `->Record` constructor made
the call elaborator treat the declaration as an explicit user function. Since
defrecord constructors are intrinsic and no separate function binding is
emitted, the generated OCaml referenced an unbound value. Forward declarations
now retain intrinsic record-constructor lowering; only a completed explicit
function definition shadows it. Native and Melange regressions cover the same
constructor with and without a sidecar.

FIXED: Branch type merging deferred a closed EDN value and an EDN-packable
static value to OCaml, selecting whichever type appeared on the left. Nested
conditionals could therefore claim that an EDN vector was a record vector and
emit invalid OCaml. The common type is now the closed EDN value type, and
branch adaptation performs the existing validated packing conversion.

FIXED: `conj` implementation selection precompiled every argument using the
expected type of the complete `conj` expression. For an empty vector receiving
a metadata-bearing vector, the inner vector was therefore assigned the outer
`vector<vector<T>>` context and its keyword element was incorrectly required
to be seqable. The implementation probe now compiles arguments without a
result context; the real collection operation still performs element typing.

FIXED: Optional record-field adaptation stopped wrapping a completed record
value when its expected type came from an earlier forward declaration. The two
record descriptors were not structurally assignable even though they emitted
the same OCaml type. Direct `Some` wrapping now also accepts identical emitted
type names, while different host-owned collection representations still go
through explicit adaptation.
