lookup:true:true:true:true
insert:true:true:true:true
split:true:true:true:true:true:true
branch:true:true:true:true
wide:true:true:true:true:true
delete-root:true:true:true:true:true
delete-merge:true:true:true:true
delete-redistribute:true:true:true:true
delete-merge-right:true:true:true:true
delete-redistribute-right:true:true:true:true
delete-stable:true:true:true:true
delete-branch:true:true:true:true:true
traversal:true:true:true:true:true
seek:true:true:true:true
traversal-deep:true:true:true:true
sequence:true:true:true:true:true
sequence-range:true:true:true:true:true
set-build:true:true:true:true
set-est-count:true
set-constructors:true:true
set-persistent:true:true:true:true:true:true
set-large:true:true:true:true:true:true:true
set-slice:true:true:true:true:true:true:true
set-singleton-slice:true:true
set-insert-stress:true:true:true:true
set-delete-stress:true:true:true:true:true:true:true
set-iterator:true:true:true
upstream-core-tests:true:true:true:true:true:true:true:true:true:true:true
lookup:true:true:true:true
insert:true:true:true:true
split:true:true:true:true:true:true
branch:true:true:true:true
wide:true:true:true:true:true
delete-root:true:true:true:true:true
delete-merge:true:true:true:true
delete-redistribute:true:true:true:true
delete-merge-right:true:true:true:true
delete-redistribute-right:true:true:true:true
delete-stable:true:true:true:true
delete-branch:true:true:true:true:true
traversal:true:true:true:true:true
seek:true:true:true:true
traversal-deep:true:true:true:true
sequence:true:true:true:true:true
sequence-range:true:true:true:true:true
set-build:true:true:true:true
set-est-count:true
set-constructors:true:true
set-persistent:true:true:true:true:true:true
set-large:true:true:true:true:true:true:true
set-slice:true:true:true:true:true:true:true
set-singleton-slice:true:true
set-insert-stress:true:true:true:true
set-delete-stress:true:true:true:true:true:true:true
set-iterator:true:true:true
upstream-core-tests:true:true:true:true:true:true:true:true:true:true:true
