true
true
true
true
true
true
true
42
into-first-class-transducer
map-unary
map-binary-shortest
map-ternary
map-variadic
map-empty-shortest
map-first-class
map-first-class-variadic
map-apply
map-transducer
map-lazy-before
map-lazy-first
map-lazy-once
map-infinite-prefix
map-arguments-eager-once
map-arguments-result
mapv-unary
mapv-binary-shortest
mapv-ternary
mapv-variadic
mapv-empty-shortest
mapv-first-class
mapv-first-class-binary
mapv-first-class-variadic
mapv-apply
mapv-single-evaluation-result
mapv-single-evaluation-count
concat-zero
concat-one
concat-two-storage-types
concat-variadic-empty-middle
concat-nil
concat-infinite-prefix
concat-lazy-before
concat-lazy-first
concat-lazy-once
concat-arguments-eager-once
concat-arguments-result
concat-first-class-zero
concat-first-class-two
concat-first-class-variadic
concat-apply
interleave-zero
interleave-one
interleave-two-shortest
interleave-variadic
interleave-empty-shortest
interleave-first-class-zero
interleave-first-class-one
interleave-first-class-variadic
interleave-apply
interleave-lazy-before
interleave-lazy-first
interleave-lazy-once
interleave-infinite-prefix
interleave-arguments-eager-once
interleave-arguments-result
true
true
true
true
true
true
true
true
true
true
true
true
true
true
true
true
true
true
true
true
true
true
true
true
true
true
true
true
true
true
true
true
true
true
true
true
true
true
true
true
true
true
true
true
true
true
true
true
true
true
true
true
true
true
true
true
true
true
true
true
true
true
true
true
true
true
true
true
true
true
true
true
true
true
true
true
true
true
true
true
true
true
true
true
true
true
true
true
true
true
true
true
true
true
true
true
true
true
true
true
true
true
true
true
true
true
true
true
true
true
true
true
true
true
true
true
true
true
true
true
true
true
true
true
true
true
true
true
true
true
true
true
true
true
true
true
true
true
true
true
true
true
true
true
true
true
true
true
true
true
true
true
true
true
true
true
true
true
true
true
true
true
true
true
true
true
true
true
true
true
true
true
true
true
true
true
true
true
true
true
true
true
true
true
true
true
true
true
true
true
true
true
true
true
true
true
true
true
true
true
true
true
true
true
true
true
true
true
true
true
true
true
true
true
true
true
true
true
true
true
true
true
true
true
true
true
true
true
true
true
true
true
true
true
true
true
true
true
true
true
true
true
true
true
true
true
true
true
true
true
true
true
true
true
true
true
true
true
true
true
true
true
true
true
true
true
true
true
true
true
true
true
true
true
true
true
true
true
true
true
true
true
true
true
true
true
true
true
true
true
true
true
true
true
true
true
true
true
true
true
true
true
true
true
true
true
true
true
true
true
true
true
true
true
true
true
true
true
true
true
true
true
true
true
true
true
true
true
true
true
true
true
true
true
true
true
true
true
true
true
true
true
true
true
true
true
true
true
true
true
true
true
true
true
true
true
true
true
true
true
true
true
true
true
true
true
true
true
true
true
true
true
true
true
true
true
true
true
true
true
true
true
true
true
true
true
true
true
true
true
true
true
true
true
true
true
true
true
true
true
true
true
true
true
true
true
true
true
true
true
true
true
true
true
true
true
true
true
true
true
true
true
true
true
true
true
true
true
true
true
true
true
true
true
true
true
true
true
true
true
true
true
true
true
true
true
true
true
true
true
